SQL> select empno
  2  from emp
  3  where hiredate<'01-JAN-87';

     EMPNO                                                                                          
----------                                                                                          
      7369                                                                                          
      7499                                                                                          
      7521                                                                                          
      7566                                                                                          
      7654                                                                                          
      7698                                                                                          
      7782                                                                                          
      7839                                                                                          
      7844                                                                                          
      7900                                                                                          
      7902                                                                                          
      7934                                                                                          

12 rows selected.

SQL> spool off
